// Jest Snapshot v1, https://goo.gl/fbAQLP

exports[`HitsList component renders initially 1`] = `
<div
  className="kgs-hits-list className"
>
  <div>
    a title
  </div>
  <ul>
    <li>
      <button
        className="kgs-hit-button"
        data-reference="3"
        onClick={[Function]}
        role="link"
      >
        <div />
      </button>
    </li>
    <li>
      <button
        className="kgs-hit-button"
        data-reference="4"
        onClick={[Function]}
        role="link"
      >
        <div />
      </button>
    </li>
  </ul>
</div>
`;
