// Jest Snapshot v1, https://goo.gl/fbAQLP

exports[`ShareButtons component renders initially 1`] = `
<span
  className="kgs-share-links className"
>
  <span
    className="kgs-share-links-panel"
  >
    <span
      className="kgs-copy-to-clipboard "
    >
      <button
        onClick={[Function]}
        role="link"
        title="Copy search link to clipboard"
      />
      <div
        className="kgs-copy-confirmation"
      >
        search link copied to clipoard
      </div>
    </span>
    <a
      className="kgs-email-link "
      href="email to link"
      title="Send search link by email"
    >
      <span />
    </a>
  </span>
</span>
`;
