// Jest Snapshot v1, https://goo.gl/fbAQLP

exports[`InfoPanel component renders initially 1`] = `
<div
  className="kgs-info"
  onClick={[Function]}
>
  <div
    className="kgs-info__panel"
  >
    <div
      className="kgs-info__container"
    >
      <span
        className="kgs-info__content"
        dangerouslySetInnerHTML={
          Object {
            "__html": "<p>some text</p>",
          }
        }
      />
      <button
        className="kgs-info__closeButton"
        onClick={[Function]}
      >
        <svg
          aria-hidden="true"
          className="svg-inline--fa fa-xmark "
          data-icon="xmark"
          data-prefix="fas"
          focusable="false"
          role="img"
          style={Object {}}
          viewBox="0 0 320 512"
          xmlns="http://www.w3.org/2000/svg"
        >
          <path
            d="M310.6 150.6c12.5-12.5 12.5-32.8 0-45.3s-32.8-12.5-45.3 0L160 210.7 54.6 105.4c-12.5-12.5-32.8-12.5-45.3 0s-12.5 32.8 0 45.3L114.7 256 9.4 361.4c-12.5 12.5-12.5 32.8 0 45.3s32.8 12.5 45.3 0L160 301.3 265.4 406.6c12.5 12.5 32.8 12.5 45.3 0s12.5-32.8 0-45.3L205.3 256 310.6 150.6z"
            fill="currentColor"
            style={Object {}}
          />
        </svg>
      </button>
    </div>
  </div>
</div>
`;
