// Jest Snapshot v1, https://goo.gl/fbAQLP

exports[`Hint component renders initially 1`] = `
<span
  className="kgs-hint test"
>
  <i
    aria-hidden="true"
    className="fa fa-info-circle"
    data-for="kgs-hint_content-1"
    data-tip={true}
  />
  <div
    className="__react_component_tooltip place-right type-dark "
    data-id="tooltip"
    id="kgs-hint_content-1"
  >
    <span>
      some text
    </span>
  </div>
</span>
`;
