// Jest Snapshot v1, https://goo.gl/fbAQLP

exports[`CopyToClipboardButton component renders initially 1`] = `
<span
  className="kgs-copy-to-clipboard className"
>
  <button
    onClick={[Function]}
    role="link"
    title="title"
  >
    <span>
      text
    </span>
  </button>
  <div
    className="kgs-copy-confirmation"
  >
    confirmation text
  </div>
</span>
`;
